// Jest Snapshot v1, https://goo.gl/fbAQLP

exports[`Avatar Test Suite Should match snapshot 1`] = `ShallowWrapper {}`;
