// Jest Snapshot v1, https://goo.gl/fbAQLP

exports[`CommitList Test Suite Should match snapshot 1`] = `ShallowWrapper {}`;
